  console.error
    Error: Not implemented: HTMLCanvasElement.prototype.getContext (without installing the canvas npm package)
        at getContext (C:\Users\Asep\OneDrive\Dokumen\PDF_Viewer\nama-website-invoice\src\app\page.js:246:28) {
      type: 'not implemented'
    }

    [0m [90m 244 |[39m         canvas[33m.[39mwidth [33m=[39m [35m500[39m[33m;[39m
     [90m 245 |[39m         canvas[33m.[39mheight [33m=[39m [35m200[39m[33m;[39m
    [31m[1m>[22m[39m[90m 246 |[39m         [36mconst[39m ctx [33m=[39m canvas[33m.[39mgetContext([32m'2d'[39m)[33m;[39m
     [90m     |[39m                            [31m[1m^[22m[39m
     [90m 247 |[39m         ctx[33m.[39mlineWidth [33m=[39m [35m2[39m[33m;[39m
     [90m 248 |[39m         ctx[33m.[39mlineCap [33m=[39m [32m'round'[39m[33m;[39m
     [90m 249 |[39m         ctx[33m.[39mstrokeStyle [33m=[39m [32m'#000000'[39m[33m;[39m[0m

      at VirtualConsole.<anonymous> (node_modules/@jest/environment-jsdom-abstract/build/index.js:87:23)
      at module.exports (node_modules/jsdom/lib/jsdom/browser/not-implemented.js:12:26)
      at HTMLCanvasElementImpl.getContext (node_modules/jsdom/lib/jsdom/living/nodes/HTMLCanvasElement-impl.js:42:5)
      at HTMLCanvasElement.getContext (node_modules/jsdom/lib/jsdom/living/generated/HTMLCanvasElement.js:131:58)
      at getContext (src/app/page.js:246:28)
      at Object.react_stack_bottom_frame (node_modules/react-dom/cjs/react-dom-client.development.js:25989:20)
      at runWithFiberInDEV (node_modules/react-dom/cjs/react-dom-client.development.js:874:13)
      at commitHookEffectListMount (node_modules/react-dom/cjs/react-dom-client.development.js:13249:29)
      at commitHookPassiveMountEffects (node_modules/react-dom/cjs/react-dom-client.development.js:13336:11)
      at commitPassiveMountOnFiber (node_modules/react-dom/cjs/react-dom-client.development.js:15484:13)
      at recursivelyTraversePassiveMountEffects (node_modules/react-dom/cjs/react-dom-client.development.js:15439:11)
      at commitPassiveMountOnFiber (node_modules/react-dom/cjs/react-dom-client.development.js:15718:11)
      at recursivelyTraversePassiveMountEffects (node_modules/react-dom/cjs/react-dom-client.development.js:15439:11)
      at commitPassiveMountOnFiber (node_modules/react-dom/cjs/react-dom-client.development.js:15476:11)
      at recursivelyTraversePassiveMountEffects (node_modules/react-dom/cjs/react-dom-client.development.js:15439:11)
      at commitPassiveMountOnFiber (node_modules/react-dom/cjs/react-dom-client.development.js:15666:17)
      at recursivelyTraversePassiveMountEffects (node_modules/react-dom/cjs/react-dom-client.development.js:15439:11)
      at commitPassiveMountOnFiber (node_modules/react-dom/cjs/react-dom-client.development.js:15633:11)
      at recursivelyTraversePassiveMountEffects (node_modules/react-dom/cjs/react-dom-client.development.js:15439:11)
      at commitPassiveMountOnFiber (node_modules/react-dom/cjs/react-dom-client.development.js:15476:11)
      at recursivelyTraversePassiveMountEffects (node_modules/react-dom/cjs/react-dom-client.development.js:15439:11)
      at commitPassiveMountOnFiber (node_modules/react-dom/cjs/react-dom-client.development.js:15519:11)
      at flushPassiveEffects (node_modules/react-dom/cjs/react-dom-client.development.js:18432:9)
      at flushPendingEffects (node_modules/react-dom/cjs/react-dom-client.development.js:18358:14)
      at flushSpawnedWork (node_modules/react-dom/cjs/react-dom-client.development.js:18323:44)
      at commitRoot (node_modules/react-dom/cjs/react-dom-client.development.js:17955:9)
      at performWorkOnRoot (node_modules/react-dom/cjs/react-dom-client.development.js:16667:15)
      at performSyncWorkOnRoot (node_modules/react-dom/cjs/react-dom-client.development.js:18972:7)
      at flushSyncWorkAcrossRoots_impl (node_modules/react-dom/cjs/react-dom-client.development.js:18814:21)
      at processRootScheduleInMicrotask (node_modules/react-dom/cjs/react-dom-client.development.js:18853:9)
      at node_modules/react-dom/cjs/react-dom-client.development.js:18982:11
      at flushActQueue (node_modules/react/cjs/react.development.js:590:34)
      at process.env.NODE_ENV.exports.act (node_modules/react/cjs/react.development.js:884:10)
      at node_modules/@testing-library/react/dist/act-compat.js:46:25
      at Object.eventWrapper (node_modules/@testing-library/react/dist/pure.js:106:28)
      at fireEvent (node_modules/@testing-library/dom/dist/events.js:12:35)
      at fireEvent.<computed> [as click] (node_modules/@testing-library/dom/dist/events.js:110:36)
      at fireEvent.<computed> [as click] (node_modules/@testing-library/react/dist/fire-event.js:15:52)
      at Object.click (src/app/page.test.js:185:19)

node.exe : FAIL src/a
pp/page.test.js
At line:1 char:1
+ & "C:\Users\Asep\On
eDrive\Dokumen\Coding
/node.exe" "C:\Users\
Asep\One ...
+ ~~~~~~~~~~~~~~~~~~~
~~~~~~~~~~~~~~~~~~~~~
~~~~~~~~~~~~~~~~~~~~~
~~~~~~~~
    + CategoryInfo   
           : NotSpe  
  cified: (FAIL sr   
 c/app/page.test.    
js:String) [], R    e
moteException
    + FullyQualified 
   ErrorId : Native  
  CommandError
 
  Invoice Editor Inte
gration Tests
    ├ù Renders "No Do
cument Loaded" state 
initially when no dat
a implies empty (1103
 ms)
    ├ù Can create a N
ew Document from Empt
y State (1045 ms)
    ├ù Renders Editor
 when data is present
 (45 ms)
    ÔêÜ Menu Dropdown
 Interaction (110 ms)
    ├ù Toolbar Action
s (54 ms)
    ÔêÜ Right Sidebar
 Toggle (77 ms)
    ├ù Signature Moda
l Open/Close (167 ms)

  ÔùÅ Invoice Editor 
Integration Tests ÔÇ║
 Renders "No Document
 Loaded" state initia
lly when no data impl
ies empty

    Unable to find an
 element with the tex
t: /No Document Loade
d/i. This could be be
cause the text is bro
ken up by multiple el
ements. In this case,
 you can provide a fu
nction for your text 
matcher to make your 
matcher more flexible
.

    Ignored nodes: co
mments, script, style
    [36m<body>[39m
      [36m<div>[39m
        [36m<div[39
m
          [33mclass
[39m=[32m"min-h-scre
en bg-[#F9FBFD] flex 
flex-col font-sans te
xt-slate-800"[39m
        [36m>[39m
          [36m<div[
39m
            [33mclas
s[39m=[32m"fixed in
set-0 bg-white/95 z-[
9999] flex flex-col i
tems-center justify-c
enter"[39m
          [36m>[39m
            [36m<div
[39m
              [33mcl
ass[39m=[32m"w-12 h
-12 border-4 border-s
late-800 border-t-tra
nsparent rounded-full
 animate-spin mb-4"[
39m
            [36m/>[
39m
            [36m<p>
[39m
              [0mLoa
ding...[0m
            [36m</p>
[39m
          [36m</div>
[39m
          [36m<input
[39m
            [33mhidd
en[39m=[32m""[39m
            [33mid[
39m=[32m"imgInputHid
den"[39m
            [33mtype
[39m=[32m"file"[39
m
          [36m/>[39
m
          [36m<input
[39m
            [33macce
pt[39m=[32m".pdf"[
39m
            [33mhidd
en[39m=[32m""[39m
            [33mid[
39m=[32m"pdfInputHid
den"[39m
            [33mtype
[39m=[32m"file"[39
m
          [36m/>[39
m
          [36m<nav[
39m
            [33mclas
s[39m=[32m"w-full b
g-[#1A1A1A] text-whit
e px-4 py-2 flex just
ify-between items-cen
ter sticky top-0 z-[1
00] border-b border-g
ray-700 h-14"[39m
          [36m>[39m
            [36m<div
[39m
              [33mcl
ass[39m=[32m"flex i
tems-center gap-4"[3
9m
            [36m>[3
9m
              [36m<d
iv[39m
                [33m
class[39m=[32m"w-9 
h-9 bg-emerald-600 ro
unded flex items-cent
er justify-center tex
t-white shadow-lg"[3
9m
              [36m>
[39m
                [36m
<svg[39m
                  [3
3mclass[39m=[32m"w-
6 h-6"[39m
                  [3
3mfill[39m=[32m"cur
rentColor"[39m
                  [3
3mviewBox[39m=[32m"
0 0 24 24"[39m
                [36m
>[39m
                  [3
6m<path[39m
                    
[33md[39m=[32m"M19 
3H5c-1.1 0-2 .9-2 2v1
4c0 1.1.9 2 2 2h14c1.
1 0 2-.9 2-2V5c0-1.1-
.9-2-2-2zm-5 14H7v-2h
7v2zm3-4H7v-2h10v2zm0
-4H7V7h10v2z"[39m
                  [3
6m/>[39m
                [36m
</svg>[39m
              [36m</
div>[39m
              [36m<d
iv>[39m
                [36m
<h1[39m
                  [3
3mclass[39m=[32m"fo
nt-bold text-base lea
ding-tight tracking-w
ide"[39m
                [36m
>[39m
                  [0
mSHEET WORKER TOOLS[
0m
                [36m
</h1>[39m
                [36m
<p[39m
                  [3
3mclass[39m=[32m"te
xt-[10px] text-gray-4
00 uppercase tracking
-widest"[39m
                [36m
>[39m
                  [0
mEmpowering Productiv
ity[0m
                [36m
</p>[39m
              [36m</
div>[39m
            [36m</di
v>[39m
            [36m<div
[39m
              [33mcl
ass[39m=[32m"flex g
ap-2"[39m
            [36m>[3
9m
              [36m<b
utton[39m
                [33m
class[39m=[32m"px-4
 py-1.5 rounded text-
xs font-bold transiti
on border uppercase t
racking-wider bg-tran
sparent border-gray-6
00 text-gray-300 hove
r:border-white"[39m
              [36m>
[39m
                [0mE
dit Document[0m
              [36m</
button>[39m
              [36m<b
utton[39m
                [33m
class[39m=[32m"px-4
 py-1.5 bg-blue-600 h
over:bg-blue-500 text
-white rounded text-x
s font-bold transitio
n shadow-lg"[39m
              [36m>
[39m
                [0mE
mail[0m
              [36m</
button>[39m
              [36m<b
utton[39m
                [33m
class[39m=[32m"px-4
 py-1.5 bg-emerald-60
0 hover:bg-emerald-50
0 text-white rounded 
text-xs font-bold tra
nsition shadow-lg"[3
9m
              [36m>
[39m
                [0mD
ownload PDF[0m
              [36m</
button>[39m
            [36m</di
v>[39m
          [36m</nav>
[39m
          [36m<div[
39m
            [33mclas
s[39m=[32m"w-full b
g-white border-b bord
er-gray-300 px-4 flex
 items-center gap-1 t
ext-[13px] text-slate
-700 select-none stic
ky top-14 z-[90] h-9 
shadow-sm"[39m
          [36m>[39m
            [36m<div
[39m
              [33mcl
ass[39m=[32m"relati
ve h-full flex items-
center"[39m
            [36m>[3
9m
              [36m<b
utton[39m
                [33m
class[39m=[32m"px-3
 py-1 rounded hover:b
g-gray-100 transition
 "[39m
              [36m>
[39m
                [0mF
ile[0m
              [36m</
button>[39m
            [36m</di
v>[39m
            [36m<div
[39m
              [33mcl
ass[39m=[32m"relati
ve h-full flex items-
center"[39m
            [36m>[3
9m
              [36m<b
utton[39m
                [33m
class[39m=[32m"px-3
 py-1 rounded hover:b
g-gray-100 transition
 "[39m
              [36m>
[39m
                [0mE
dit[0m
              [36m</
button>[39m
            [36m</di
v>[39m
            [36m<div
[39m
              [33mcl
ass[39m=[32m"relati
ve h-full flex items-
center"[39m
            [36m>[3
9m
              [36m<b
utton[39m
                [33m
class[39m=[32m"px-3
 py-1 rounded hover:b
g-gray-100 transition
 "[39m
              [36m>
[39m
                [0mV
iew[0m
              [36m</
button>[39m
            [36m</di
v>[39m
            [36m<div
[39m
              [33mcl
ass[39m=[32m"relati
ve h-full flex items-
center"[39m
            [36m>[3
9m
              [36m<b
utton[39m
                [33m
class[39m=[32m"px-3
 py-1 rounded hover:b
g-gray-100 transition
 "[39m
              [36m>
[39m
                [0mI
nsert[0m
              [36m</
button>[39m
            [36m</di
v>[39m
            [36m<div
[39m
              [33mcl
ass[39m=[32m"relati
ve h-full flex items-
center"[39m
            [36m>[3
9m
              [36m<b
utton[39m
                [33m
class[39m=[32m"px-3
 py-1 rounded hover:b
g-gray-100 transition
 "[39m
              [36m>
[39m
                [0mF
ormat[0m
              [36m</
button>[39m
            [36m</di
v>[39m
            [36m<div
[39m
              [33mcl
ass[39m=[32m"relati
ve h-full flex items-
center"[39m
            [36m>[3
9m
              [36m<b
utton[39m
                [33m
class[39m=[32m"px-3
 py-1 rounded hover:b
g-gray-100 transition
 "[39m
              [36m>
[39m
                [0mT
ools[0m
              [36m</
button>[39m
            [36m</di
v>[39m
            [36m<div
[39m
              [33mcl
ass[39m=[32m"relati
ve h-full flex items-
center"[39m
            [36m>[3
9m
              [36m<b
utton[39m
                [33m
class[39m=[32m"px-3
 py-1 rounded hover:b
g-gray-100 transition
 "[39m
              [36m>
[39m
                [0mH
elp[0m
              [36m</
button>[39m
            [36m</di
v>[39m
          [36m</div>
[39m
          [36m<div[
39m
            [33mclas
s[39m=[32m"w-full b
g-[#EDF2FA] border-b 
border-gray-300 px-4 
py-1.5 flex items-cen
ter gap-1 overflow-x-
auto sticky top-[92px
] z-[80] shadow-sm h-
12"[39m
          [36m>[39m
            [36m<but
ton[39m
              [33mcl
ass[39m=[32m"p-1.5 
hover:bg-gray-200 rou
nded text-slate-600 t
ransition"[39m
              [33mti
tle[39m=[32m"Undo"
[39m
            [36m>[3
9m
              [36m<s
vg[39m
                [33m
class[39m=[32m"w-4 
h-4"[39m
                [33m
fill[39m=[32m"curre
ntColor"[39m
                [33m
viewBox[39m=[32m"0 
0 24 24"[39m
              [36m>
[39m
                [36m
<path[39m
                  [3
3md[39m=[32m"M12.5 
8c-2.65 0-5.05.99-6.9
 2.6L2 7v9h9l-3.62-3.
62c1.39-1.16 3.16-1.8
8 5.12-1.88 3.54 0 6.
55 2.31 7.6 5.5l2.37-
.78C21.08 11.03 17.15
 8 12.5 8z"[39m
                [36m
/>[39m
              [36m</
svg>[39m
            [36m</bu
tton>[39m
            [36m<but
ton[39m
              [33mcl
ass[39m=[32m"p-1.5 
hover:bg-gray-200 rou
nded text-slate-600 t
ransition"[39m
              [33mti
tle[39m=[32m"Redo"
[3...

    [0m [90m 66 |[
39m
     [90m 67 |[39m 
        [90m// Check
 for the blank state 
message[39m
    [31m[1m>[22m[
39m[90m 68 |[39m   
      [36mawait[39m
 waitFor(() [33m=>[
39m {
     [90m    |[39m 
                     
[31m[1m^[22m[39m
     [90m 69 |[39m 
            expect(sc
reen[33m.[39mgetByT
ext([35m/No Document
 Loaded/i[39m))[33m
.[39mtoBeInTheDocume
nt()[33m;[39m
     [90m 70 |[39m 
        })[33m;[39m
     [90m 71 |[39m
[0m

      at waitForWrapp
er (node_modules/@tes
ting-library/dom/dist
/wait-for.js:163:27)
      at Object.<anon
ymous> (src/app/page.
test.js:68:22)

  ÔùÅ Invoice Editor 
Integration Tests ÔÇ║
 Can create a New Doc
ument from Empty Stat
e

    Unable to find an
 element with the tex
t: /No Document Loade
d/i. This could be be
cause the text is bro
ken up by multiple el
ements. In this case,
 you can provide a fu
nction for your text 
matcher to make your 
matcher more flexible
.

    Ignored nodes: co
mments, script, style
    [36m<body>[39m
      [36m<div>[39m
        [36m<div[39
m
          [33mclass
[39m=[32m"min-h-scre
en bg-[#F9FBFD] flex 
flex-col font-sans te
xt-slate-800"[39m
        [36m>[39m
          [36m<div[
39m
            [33mclas
s[39m=[32m"fixed in
set-0 bg-white/95 z-[
9999] flex flex-col i
tems-center justify-c
enter"[39m
          [36m>[39m
            [36m<div
[39m
              [33mcl
ass[39m=[32m"w-12 h
-12 border-4 border-s
late-800 border-t-tra
nsparent rounded-full
 animate-spin mb-4"[
39m
            [36m/>[
39m
            [36m<p>
[39m
              [0mLoa
ding...[0m
            [36m</p>
[39m
          [36m</div>
[39m
          [36m<input
[39m
            [33mhidd
en[39m=[32m""[39m
            [33mid[
39m=[32m"imgInputHid
den"[39m
            [33mtype
[39m=[32m"file"[39
m
          [36m/>[39
m
          [36m<input
[39m
            [33macce
pt[39m=[32m".pdf"[
39m
            [33mhidd
en[39m=[32m""[39m
            [33mid[
39m=[32m"pdfInputHid
den"[39m
            [33mtype
[39m=[32m"file"[39
m
          [36m/>[39
m
          [36m<nav[
39m
            [33mclas
s[39m=[32m"w-full b
g-[#1A1A1A] text-whit
e px-4 py-2 flex just
ify-between items-cen
ter sticky top-0 z-[1
00] border-b border-g
ray-700 h-14"[39m
          [36m>[39m
            [36m<div
[39m
              [33mcl
ass[39m=[32m"flex i
tems-center gap-4"[3
9m
            [36m>[3
9m
              [36m<d
iv[39m
                [33m
class[39m=[32m"w-9 
h-9 bg-emerald-600 ro
unded flex items-cent
er justify-center tex
t-white shadow-lg"[3
9m
              [36m>
[39m
                [36m
<svg[39m
                  [3
3mclass[39m=[32m"w-
6 h-6"[39m
                  [3
3mfill[39m=[32m"cur
rentColor"[39m
                  [3
3mviewBox[39m=[32m"
0 0 24 24"[39m
                [36m
>[39m
                  [3
6m<path[39m
                    
[33md[39m=[32m"M19 
3H5c-1.1 0-2 .9-2 2v1
4c0 1.1.9 2 2 2h14c1.
1 0 2-.9 2-2V5c0-1.1-
.9-2-2-2zm-5 14H7v-2h
7v2zm3-4H7v-2h10v2zm0
-4H7V7h10v2z"[39m
                  [3
6m/>[39m
                [36m
</svg>[39m
              [36m</
div>[39m
              [36m<d
iv>[39m
                [36m
<h1[39m
                  [3
3mclass[39m=[32m"fo
nt-bold text-base lea
ding-tight tracking-w
ide"[39m
                [36m
>[39m
                  [0
mSHEET WORKER TOOLS[
0m
                [36m
</h1>[39m
                [36m
<p[39m
                  [3
3mclass[39m=[32m"te
xt-[10px] text-gray-4
00 uppercase tracking
-widest"[39m
                [36m
>[39m
                  [0
mEmpowering Productiv
ity[0m
                [36m
</p>[39m
              [36m</
div>[39m
            [36m</di
v>[39m
            [36m<div
[39m
              [33mcl
ass[39m=[32m"flex g
ap-2"[39m
            [36m>[3
9m
              [36m<b
utton[39m
                [33m
class[39m=[32m"px-4
 py-1.5 rounded text-
xs font-bold transiti
on border uppercase t
racking-wider bg-tran
sparent border-gray-6
00 text-gray-300 hove
r:border-white"[39m
              [36m>
[39m
                [0mE
dit Document[0m
              [36m</
button>[39m
              [36m<b
utton[39m
                [33m
class[39m=[32m"px-4
 py-1.5 bg-blue-600 h
over:bg-blue-500 text
-white rounded text-x
s font-bold transitio
n shadow-lg"[39m
              [36m>
[39m
                [0mE
mail[0m
              [36m</
button>[39m
              [36m<b
utton[39m
                [33m
class[39m=[32m"px-4
 py-1.5 bg-emerald-60
0 hover:bg-emerald-50
0 text-white rounded 
text-xs font-bold tra
nsition shadow-lg"[3
9m
              [36m>
[39m
                [0mD
ownload PDF[0m
              [36m</
button>[39m
            [36m</di
v>[39m
          [36m</nav>
[39m
          [36m<div[
39m
            [33mclas
s[39m=[32m"w-full b
g-white border-b bord
er-gray-300 px-4 flex
 items-center gap-1 t
ext-[13px] text-slate
-700 select-none stic
ky top-14 z-[90] h-9 
shadow-sm"[39m
          [36m>[39m
            [36m<div
[39m
              [33mcl
ass[39m=[32m"relati
ve h-full flex items-
center"[39m
            [36m>[3
9m
              [36m<b
utton[39m
                [33m
class[39m=[32m"px-3
 py-1 rounded hover:b
g-gray-100 transition
 "[39m
              [36m>
[39m
                [0mF
ile[0m
              [36m</
button>[39m
            [36m</di
v>[39m
            [36m<div
[39m
              [33mcl
ass[39m=[32m"relati
ve h-full flex items-
center"[39m
            [36m>[3
9m
              [36m<b
utton[39m
                [33m
class[39m=[32m"px-3
 py-1 rounded hover:b
g-gray-100 transition
 "[39m
              [36m>
[39m
                [0mE
dit[0m
              [36m</
button>[39m
            [36m</di
v>[39m
            [36m<div
[39m
              [33mcl
ass[39m=[32m"relati
ve h-full flex items-
center"[39m
            [36m>[3
9m
              [36m<b
utton[39m
                [33m
class[39m=[32m"px-3
 py-1 rounded hover:b
g-gray-100 transition
 "[39m
              [36m>
[39m
                [0mV
iew[0m
              [36m</
button>[39m
            [36m</di
v>[39m
            [36m<div
[39m
              [33mcl
ass[39m=[32m"relati
ve h-full flex items-
center"[39m
            [36m>[3
9m
              [36m<b
utton[39m
                [33m
class[39m=[32m"px-3
 py-1 rounded hover:b
g-gray-100 transition
 "[39m
              [36m>
[39m
                [0mI
nsert[0m
              [36m</
button>[39m
            [36m</di
v>[39m
            [36m<div
[39m
              [33mcl
ass[39m=[32m"relati
ve h-full flex items-
center"[39m
            [36m>[3
9m
              [36m<b
utton[39m
                [33m
class[39m=[32m"px-3
 py-1 rounded hover:b
g-gray-100 transition
 "[39m
              [36m>
[39m
                [0mF
ormat[0m
              [36m</
button>[39m
            [36m</di
v>[39m
            [36m<div
[39m
              [33mcl
ass[39m=[32m"relati
ve h-full flex items-
center"[39m
            [36m>[3
9m
              [36m<b
utton[39m
                [33m
class[39m=[32m"px-3
 py-1 rounded hover:b
g-gray-100 transition
 "[39m
              [36m>
[39m
                [0mT
ools[0m
              [36m</
button>[39m
            [36m</di
v>[39m
            [36m<div
[39m
              [33mcl
ass[39m=[32m"relati
ve h-full flex items-
center"[39m
            [36m>[3
9m
              [36m<b
utton[39m
                [33m
class[39m=[32m"px-3
 py-1 rounded hover:b
g-gray-100 transition
 "[39m
              [36m>
[39m
                [0mH
elp[0m
              [36m</
button>[39m
            [36m</di
v>[39m
          [36m</div>
[39m
          [36m<div[
39m
            [33mclas
s[39m=[32m"w-full b
g-[#EDF2FA] border-b 
border-gray-300 px-4 
py-1.5 flex items-cen
ter gap-1 overflow-x-
auto sticky top-[92px
] z-[80] shadow-sm h-
12"[39m
          [36m>[39m
            [36m<but
ton[39m
              [33mcl
ass[39m=[32m"p-1.5 
hover:bg-gray-200 rou
nded text-slate-600 t
ransition"[39m
              [33mti
tle[39m=[32m"Undo"
[39m
            [36m>[3
9m
              [36m<s
vg[39m
                [33m
class[39m=[32m"w-4 
h-4"[39m
                [33m
fill[39m=[32m"curre
ntColor"[39m
                [33m
viewBox[39m=[32m"0 
0 24 24"[39m
              [36m>
[39m
                [36m
<path[39m
                  [3
3md[39m=[32m"M12.5 
8c-2.65 0-5.05.99-6.9
 2.6L2 7v9h9l-3.62-3.
62c1.39-1.16 3.16-1.8
8 5.12-1.88 3.54 0 6.
55 2.31 7.6 5.5l2.37-
.78C21.08 11.03 17.15
 8 12.5 8z"[39m
                [36m
/>[39m
              [36m</
svg>[39m
            [36m</bu
tton>[39m
            [36m<but
ton[39m
              [33mcl
ass[39m=[32m"p-1.5 
hover:bg-gray-200 rou
nded text-slate-600 t
ransition"[39m
              [33mti
tle[39m=[32m"Redo"
[3...

    [0m [90m 78 |[
39m
     [90m 79 |[39m 
        [90m// Wait 
for load[39m
    [31m[1m>[22m[
39m[90m 80 |[39m   
      [36mawait[39m
 waitFor(() [33m=>[
39m screen[33m.[39m
getByText([35m/No Do
cument Loaded/i[39m)
)[33m;[39m
     [90m    |[39m 
                     
[31m[1m^[22m[39m
     [90m 81 |[39m
     [90m 82 |[39m 
        [90m// Simul
ate clicking "Open Do
cument" which opens t
he modal[39m
     [90m 83 |[39m 
        [90m// Actua
lly, let's load from 
Supabase button to tr
igger a load action o
r valid flow[39m[0m

      at waitForWrapp
er (node_modules/@tes
ting-library/dom/dist
/wait-for.js:163:27)
      at Object.<anon
ymous> (src/app/page.
test.js:80:22)

  ÔùÅ Invoice Editor 
Integration Tests ÔÇ║
 Renders Editor when 
data is present

    TestingLibraryEle
mentError: Unable to 
find an element with 
the text: #TEST-001. 
This could be because
 the text is broken u
p by multiple element
s. In this case, you 
can provide a functio
n for your text match
er to make your match
er more flexible.

    Ignored nodes: co
mments, script, style
    [36m<body>[39m
      [36m<div>[39m
        [36m<div[39
m
          [33mclass
[39m=[32m"min-h-scre
en bg-[#F9FBFD] flex 
flex-col font-sans te
xt-slate-800"[39m
        [36m>[39m
          [36m<div[
39m
            [33mclas
s[39m=[32m"fixed in
set-0 bg-white/95 z-[
9999] flex flex-col i
tems-center justify-c
enter"[39m
          [36m>[39m
            [36m<div
[39m
              [33mcl
ass[39m=[32m"w-12 h
-12 border-4 border-s
late-800 border-t-tra
nsparent rounded-full
 animate-spin mb-4"[
39m
            [36m/>[
39m
            [36m<p>
[39m
              [0mLoa
ding...[0m
            [36m</p>
[39m
          [36m</div>
[39m
          [36m<input
[39m
            [33mhidd
en[39m=[32m""[39m
            [33mid[
39m=[32m"imgInputHid
den"[39m
            [33mtype
[39m=[32m"file"[39
m
          [36m/>[39
m
          [36m<input
[39m
            [33macce
pt[39m=[32m".pdf"[
39m
            [33mhidd
en[39m=[32m""[39m
            [33mid[
39m=[32m"pdfInputHid
den"[39m
            [33mtype
[39m=[32m"file"[39
m
          [36m/>[39
m
          [36m<nav[
39m
            [33mclas
s[39m=[32m"w-full b
g-[#1A1A1A] text-whit
e px-4 py-2 flex just
ify-between items-cen
ter sticky top-0 z-[1
00] border-b border-g
ray-700 h-14"[39m
          [36m>[39m
            [36m<div
[39m
              [33mcl
ass[39m=[32m"flex i
tems-center gap-4"[3
9m
            [36m>[3
9m
              [36m<d
iv[39m
                [33m
class[39m=[32m"w-9 
h-9 bg-emerald-600 ro
unded flex items-cent
er justify-center tex
t-white shadow-lg"[3
9m
              [36m>
[39m
                [36m
<svg[39m
                  [3
3mclass[39m=[32m"w-
6 h-6"[39m
                  [3
3mfill[39m=[32m"cur
rentColor"[39m
                  [3
3mviewBox[39m=[32m"
0 0 24 24"[39m
                [36m
>[39m
                  [3
6m<path[39m
                    
[33md[39m=[32m"M19 
3H5c-1.1 0-2 .9-2 2v1
4c0 1.1.9 2 2 2h14c1.
1 0 2-.9 2-2V5c0-1.1-
.9-2-2-2zm-5 14H7v-2h
7v2zm3-4H7v-2h10v2zm0
-4H7V7h10v2z"[39m
                  [3
6m/>[39m
                [36m
</svg>[39m
              [36m</
div>[39m
              [36m<d
iv>[39m
                [36m
<h1[39m
                  [3
3mclass[39m=[32m"fo
nt-bold text-base lea
ding-tight tracking-w
ide"[39m
                [36m
>[39m
                  [0
mSHEET WORKER TOOLS[
0m
                [36m
</h1>[39m
                [36m
<p[39m
                  [3
3mclass[39m=[32m"te
xt-[10px] text-gray-4
00 uppercase tracking
-widest"[39m
                [36m
>[39m
                  [0
mEmpowering Productiv
ity[0m
                [36m
</p>[39m
              [36m</
div>[39m
            [36m</di
v>[39m
            [36m<div
[39m
              [33mcl
ass[39m=[32m"flex g
ap-2"[39m
            [36m>[3
9m
              [36m<b
utton[39m
                [33m
class[39m=[32m"px-4
 py-1.5 rounded text-
xs font-bold transiti
on border uppercase t
racking-wider bg-tran
sparent border-gray-6
00 text-gray-300 hove
r:border-white"[39m
              [36m>
[39m
                [0mE
dit Document[0m
              [36m</
button>[39m
              [36m<b
utton[39m
                [33m
class[39m=[32m"px-4
 py-1.5 bg-blue-600 h
over:bg-blue-500 text
-white rounded text-x
s font-bold transitio
n shadow-lg"[39m
              [36m>
[39m
                [0mE
mail[0m
              [36m</
button>[39m
              [36m<b
utton[39m
                [33m
class[39m=[32m"px-4
 py-1.5 bg-emerald-60
0 hover:bg-emerald-50
0 text-white rounded 
text-xs font-bold tra
nsition shadow-lg"[3
9m
              [36m>
[39m
                [0mD
ownload PDF[0m
              [36m</
button>[39m
            [36m</di
v>[39m
          [36m</nav>
[39m
          [36m<div[
39m
            [33mclas
s[39m=[32m"w-full b
g-white border-b bord
er-gray-300 px-4 flex
 items-center gap-1 t
ext-[13px] text-slate
-700 select-none stic
ky top-14 z-[90] h-9 
shadow-sm"[39m
          [36m>[39m
            [36m<div
[39m
              [33mcl
ass[39m=[32m"relati
ve h-full flex items-
center"[39m
            [36m>[3
9m
              [36m<b
utton[39m
                [33m
class[39m=[32m"px-3
 py-1 rounded hover:b
g-gray-100 transition
 "[39m
              [36m>
[39m
                [0mF
ile[0m
              [36m</
button>[39m
            [36m</di
v>[39m
            [36m<div
[39m
              [33mcl
ass[39m=[32m"relati
ve h-full flex items-
center"[39m
            [36m>[3
9m
              [36m<b
utton[39m
                [33m
class[39m=[32m"px-3
 py-1 rounded hover:b
g-gray-100 transition
 "[39m
              [36m>
[39m
                [0mE
dit[0m
              [36m</
button>[39m
            [36m</di
v>[39m
            [36m<div
[39m
              [33mcl
ass[39m=[32m"relati
ve h-full flex items-
center"[39m
            [36m>[3
9m
              [36m<b
utton[39m
                [33m
class[39m=[32m"px-3
 py-1 rounded hover:b
g-gray-100 transition
 "[39m
              [36m>
[39m
                [0mV
iew[0m
              [36m</
button>[39m
            [36m</di
v>[39m
            [36m<div
[39m
              [33mcl
ass[39m=[32m"relati
ve h-full flex items-
center"[39m
            [36m>[3
9m
              [36m<b
utton[39m
                [33m
class[39m=[32m"px-3
 py-1 rounded hover:b
g-gray-100 transition
 "[39m
              [36m>
[39m
                [0mI
nsert[0m
              [36m</
button>[39m
            [36m</di
v>[39m
            [36m<div
[39m
              [33mcl
ass[39m=[32m"relati
ve h-full flex items-
center"[39m
            [36m>[3
9m
              [36m<b
utton[39m
                [33m
class[39m=[32m"px-3
 py-1 rounded hover:b
g-gray-100 transition
 "[39m
              [36m>
[39m
                [0mF
ormat[0m
              [36m</
button>[39m
            [36m</di
v>[39m
            [36m<div
[39m
              [33mcl
ass[39m=[32m"relati
ve h-full flex items-
center"[39m
            [36m>[3
9m
              [36m<b
utton[39m
                [33m
class[39m=[32m"px-3
 py-1 rounded hover:b
g-gray-100 transition
 "[39m
              [36m>
[39m
                [0mT
ools[0m
              [36m</
button>[39m
            [36m</di
v>[39m
            [36m<div
[39m
              [33mcl
ass[39m=[32m"relati
ve h-full flex items-
center"[39m
            [36m>[3
9m
              [36m<b
utton[39m
                [33m
class[39m=[32m"px-3
 py-1 rounded hover:b
g-gray-100 transition
 "[39m
              [36m>
[39m
                [0mH
elp[0m
              [36m</
button>[39m
            [36m</di
v>[39m
          [36m</div>
[39m
          [36m<div[
39m
            [33mclas
s[39m=[32m"w-full b
g-[#EDF2FA] border-b 
border-gray-300 px-4 
py-1.5 flex items-cen
ter gap-1 overflow-x-
auto sticky top-[92px
] z-[80] shadow-sm h-
12"[39m
          [36m>[39m
            [36m<but
ton[39m
              [33mcl
ass[39m=[32m"p-1.5 
hover:bg-gray-200 rou
nded text-slate-600 t
ransition"[39m
              [33mti
tle[39m=[32m"Undo"
[39m
            [36m>[3
9m
              [36m<s
vg[39m
                [33m
class[39m=[32m"w-4 
h-4"[39m
                [33m
fill[39m=[32m"curre
ntColor"[39m
                [33m
viewBox[39m=[32m"0 
0 24 24"[39m
              [36m>
[39m
                [36m
<path[39m
                  [3
3md[39m=[32m"M12.5 
8c-2.65 0-5.05.99-6.9
 2.6L2 7v9h9l-3.62-3.
62c1.39-1.16 3.16-1.8
8 5.12-1.88 3.54 0 6.
55 2.31 7.6 5.5l2.37-
.78C21.08 11.03 17.15
 8 12.5 8z"[39m
                [36m
/>[39m
              [36m</
svg>[39m
            [36m</bu
tton>[39m
            [36m<but
ton[39m
              [33mcl
ass[39m=[32m"p-1.5 
hover:bg-gray-200 rou
nded text-slate-600 t
ransition"[39m
              [33mti
tle[39m=[32m"Redo"
[3...

    [0m [90m 106 |
[39m         [90m// 
Check content[39m
     [90m 107 |[39m
         expect(scree
n[33m.[39mgetByText
([32m'INVOICE'[39m)
)[33m.[39mtoBeInThe
Document()[33m;[39m
    [31m[1m>[22m[
39m[90m 108 |[39m  
       expect(screen
[33m.[39mgetByText(
[32m'#TEST-001'[39m)
)[33m.[39mtoBeInThe
Document()[33m;[39m
     [90m     |[39m
                     
  [31m[1m^[22m[39
m
     [90m 109 |[39m
         expect(scree
n[33m.[39mgetByText
([32m'Test Client'[
39m))[33m.[39mtoBeI
nTheDocument()[33m;
[39m
     [90m 110 |[39m
     })[33m;[39m
     [90m 111 |[39m
[0m

      at Object.getEl
ementError (node_modu
les/@testing-library/
dom/dist/config.js:37
:19)
      at node_modules
/@testing-library/dom
/dist/query-helpers.j
s:76:38
      at node_modules
/@testing-library/dom
/dist/query-helpers.j
s:52:17
      at node_modules
/@testing-library/dom
/dist/query-helpers.j
s:95:19
      at Object.getBy
Text (src/app/page.te
st.js:108:23)

  ÔùÅ Invoice Editor 
Integration Tests ÔÇ║
 Toolbar Actions

    expect(jest.fn())
.toHaveBeenCalledWith
(...expected)

    Expected: "bold",
 false, null

    Number of calls: 
0

    [0m [90m 146 |
[39m         [36mcon
st[39m boldBtn [33m
=[39m screen[33m.[
39mgetByTitle([32m'B
old'[39m)[33m;[39m
     [90m 147 |[39m
         fireEvent[3
3m.[39mclick(boldBtn
)[33m;[39m
    [31m[1m>[22m[
39m[90m 148 |[39m  
       expect(documen
t[33m.[39mexecComma
nd)[33m.[39mtoHaveB
eenCalledWith([32m'b
old'[39m[33m,[39m 
[36mfalse[39m[33m,
[39m [36mnull[39m)
[33m;[39m
     [90m     |[39m
                     
                 [31
m[1m^[22m[39m
     [90m 149 |[39m
     [90m 150 |[39m
         [90m// Clic
k Paint Format[39m
     [90m 151 |[39m
         [36mconst[
39m paintBtn [33m=[
39m screen[33m.[39m
getByTitle([32m'Pain
t Format'[39m)[33m;
[39m[0m

      at Object.toHav
eBeenCalledWith (src/
app/page.test.js:148:
38)

  ÔùÅ Invoice Editor 
Integration Tests ÔÇ║
 Signature Modal Open
/Close

    TypeError: Cannot
 set properties of nu
ll (setting 'lineWidt
h')

    [0m [90m 245 |
[39m         canvas[
33m.[39mheight [33m
=[39m [35m200[39m
[33m;[39m
     [90m 246 |[39m
         [36mconst[
39m ctx [33m=[39m c
anvas[33m.[39mgetCo
ntext([32m'2d'[39m)
[33m;[39m
    [31m[1m>[22m[
39m[90m 247 |[39m  
       ctx[33m.[39m
lineWidth [33m=[39m
 [35m2[39m[33m;[3
9m
     [90m     |[39m
                     
 [31m[1m^[22m[39m
     [90m 248 |[39m
         ctx[33m.[3
9mlineCap [33m=[39m
 [32m'round'[39m[3
3m;[39m
     [90m 249 |[39m
         ctx[33m.[3
9mstrokeStyle [33m=
[39m [32m'#000000'[
39m[33m;[39m
     [90m 250 |[39m
       }[0m

      at src/app/page
.js:247:22
      at Object.react
_stack_bottom_frame (
node_modules/react-do
m/cjs/react-dom-clien
t.development.js:2598
9:20)
      at runWithFiber
InDEV (node_modules/r
eact-dom/cjs/react-do
m-client.development.
js:874:13)
      at commitHookEf
fectListMount (node_m
odules/react-dom/cjs/
react-dom-client.deve
lopment.js:13249:29)
      at commitHookPa
ssiveMountEffects (no
de_modules/react-dom/
cjs/react-dom-client.
development.js:13336:
11)
      at commitPassiv
eMountOnFiber (node_m
odules/react-dom/cjs/
react-dom-client.deve
lopment.js:15484:13)
      at recursivelyT
raversePassiveMountEf
fects (node_modules/r
eact-dom/cjs/react-do
m-client.development.
js:15439:11)
      at commitPassiv
eMountOnFiber (node_m
odules/react-dom/cjs/
react-dom-client.deve
lopment.js:15718:11)
      at recursivelyT
raversePassiveMountEf
fects (node_modules/r
eact-dom/cjs/react-do
m-client.development.
js:15439:11)
      at commitPassiv
eMountOnFiber (node_m
odules/react-dom/cjs/
react-dom-client.deve
lopment.js:15476:11)
      at recursivelyT
raversePassiveMountEf
fects (node_modules/r
eact-dom/cjs/react-do
m-client.development.
js:15439:11)
      at commitPassiv
eMountOnFiber (node_m
odules/react-dom/cjs/
react-dom-client.deve
lopment.js:15666:17)
      at recursivelyT
raversePassiveMountEf
fects (node_modules/r
eact-dom/cjs/react-do
m-client.development.
js:15439:11)
      at commitPassiv
eMountOnFiber (node_m
odules/react-dom/cjs/
react-dom-client.deve
lopment.js:15633:11)
      at recursivelyT
raversePassiveMountEf
fects (node_modules/r
eact-dom/cjs/react-do
m-client.development.
js:15439:11)
      at commitPassiv
eMountOnFiber (node_m
odules/react-dom/cjs/
react-dom-client.deve
lopment.js:15476:11)
      at recursivelyT
raversePassiveMountEf
fects (node_modules/r
eact-dom/cjs/react-do
m-client.development.
js:15439:11)
      at commitPassiv
eMountOnFiber (node_m
odules/react-dom/cjs/
react-dom-client.deve
lopment.js:15519:11)
      at flushPassive
Effects (node_modules
/react-dom/cjs/react-
dom-client.developmen
t.js:18432:9)
      at flushPending
Effects (node_modules
/react-dom/cjs/react-
dom-client.developmen
t.js:18358:14)
      at flushSpawned
Work (node_modules/re
act-dom/cjs/react-dom
-client.development.j
s:18323:44)
      at commitRoot (
node_modules/react-do
m/cjs/react-dom-clien
t.development.js:1795
5:9)
      at performWorkO
nRoot (node_modules/r
eact-dom/cjs/react-do
m-client.development.
js:16667:15)
      at performSyncW
orkOnRoot (node_modul
es/react-dom/cjs/reac
t-dom-client.developm
ent.js:18972:7)
      at flushSyncWor
kAcrossRoots_impl (no
de_modules/react-dom/
cjs/react-dom-client.
development.js:18814:
21)
      at processRootS
cheduleInMicrotask (n
ode_modules/react-dom
/cjs/react-dom-client
.development.js:18853
:9)
      at node_modules
/react-dom/cjs/react-
dom-client.developmen
t.js:18982:11
      at flushActQueu
e (node_modules/react
/cjs/react.developmen
t.js:590:34)
      at process.env.
NODE_ENV.exports.act 
(node_modules/react/c
js/react.development.
js:884:10)
      at node_modules
/@testing-library/rea
ct/dist/act-compat.js
:46:25
      at Object.event
Wrapper (node_modules
/@testing-library/rea
ct/dist/pure.js:106:2
8)
      at fireEvent (n
ode_modules/@testing-
library/dom/dist/even
ts.js:12:35)
      at fireEvent.<c
omputed> [as click] (
node_modules/@testing
-library/dom/dist/eve
nts.js:110:36)
      at fireEvent.<c
omputed> [as click] (
node_modules/@testing
-library/react/dist/f
ire-event.js:15:52)
      at Object.click
 (src/app/page.test.j
s:185:19)

Test Suites: 1 failed
, 1 total
Tests:       5 failed
, 2 passed, 7 total
Snapshots:   0 total
Time:        4.567 s,
 estimated 19 s
Ran all test suites.
